                size  sum
test                     
f_perturb         24   24
post_window        1    1
rb_perturb        24   24
signal_perturb    24   24
truncate          18   18
audit ok: True; max pre_diff 0; max ret_err 4.16e-17; [55 s]

====================================================================================================
1. PASS / FAIL
====================================================================================================
                               name                   statistic                   bar        value  passed result                                                                                                  detail
component                                                                                                                                                                                                                
(i)                    timing alpha            NW(6) t of alpha  alpha > 0 and t >= 2    -0.578617   False   FAIL                                                         alpha = -0.000273/month, p = 0.5636 (t, n-k df)
(ii)               calendar shuffle                   shuffle p               <= 0.05     0.512298   False   FAIL                                                                                                        
(iii)          independent episodes        merged hold episodes                  >= 8           12    True   PASS                                                                                                        
(iv)       drop each Brown industry  min(full, drop-one alphas)            > 0, all 6 -0.000444145   False   FAIL  full: -0.000273, Util: -0.000274, Ships: -0.000313, Aero: -0.000333, Steel: 0.000096, BldMt: -0.000444
overall                     verdict           components passed                4 of 4            1   False   FAIL                                                                                                  1 of 4

====================================================================================================
2a. ATTRIBUTION (D_t on FF5+UMD, BOND, WTI, dVIX, dlogEMV, I_{t-1} x F)
====================================================================================================
                 coef   t NW(6)  p NW(6)  t NW(12)  p NW(12)
alpha    -0.000272717 -0.578617 0.563596 -0.589832  0.556068
Mkt-RF    -0.00465534 -0.233912 0.815328 -0.221504   0.82496
SMB         0.0180076   1.16283 0.246489    1.1834  0.238267
HML         0.0230675  0.860973 0.390438   1.01774  0.310215
RMW        0.00396501  0.121532  0.90341  0.123655  0.901731
CMA         0.0191941  0.808857 0.419702    0.7957  0.427291
UMD       -0.00361592  -0.27696  0.78214 -0.286739  0.774653
BOND        0.0926935   0.88355 0.378158  0.951649  0.342595
WTI       -0.00137195 -0.252802  0.80072 -0.257981  0.796726
dVIX     -0.000115584 -0.444951 0.656908 -0.438873  0.661298
dlogEMV    -0.0064016  -1.98037 0.049238  -1.88728  0.060788
I*Mkt-RF  -0.00853993 -0.322417 0.747524 -0.286007  0.775213
I*HML       -0.012286 -0.371607 0.710638 -0.395839  0.692708
I*BOND      -0.133588  -1.12973 0.260146  -1.27956  0.202403
I*dVIX   -6.22722e-05 -0.206031 0.837007 -0.208003   0.83547

====================================================================================================
2b. REGRESSION FACTS
====================================================================================================
                                                                value
n                                                                 189
k                                                                  15
n - k                                                             174
R-squared                                                   0.0631077
adj. R-squared                                             -0.0122744
pi                                                           0.594465
window start                                                  1994-04
window end                                                    2009-12
HAC             Bartlett, maxlags 6 (12 check), no small-sample corr.

====================================================================================================
3. DECOMPOSITION OF mean(D)
====================================================================================================
                            value
mean(D)               -8.1191e-05
alpha                -0.000272717
beta*mean(Mkt-RF)    -3.79777e-05
beta*mean(SMB)        7.76807e-05
beta*mean(HML)        0.000158848
beta*mean(RMW)        1.36491e-05
beta*mean(CMA)        8.64806e-05
beta*mean(UMD)       -2.39285e-05
beta*mean(BOND)       0.000194189
beta*mean(WTI)       -1.20476e-05
beta*mean(dVIX)       4.48514e-06
beta*mean(dlogEMV)    9.29701e-06
gamma*mean(I*Mkt-RF) -5.18431e-05
gamma*mean(I*HML)    -2.63948e-05
gamma*mean(I*BOND)   -0.000206657
gamma*mean(I*dVIX)    5.74464e-06
sum of terms          -8.1191e-05
identity gap         -4.70273e-18

====================================================================================================
4a. DIAGNOSTICS
====================================================================================================
                                                                                                                 value
first signal month with a defined flag                                                                         1994-02
first month a position can be set (end of)                                                                     1994-03
first return month the rule can affect                                                                         1994-04
test window (return months)                                                                         1994-04 to 2009-12
n return months                                                                                                    189
EMVENRGYENVREG zero months, whole file                                                                               9
signal months feeding the window                                                                    1994-02 to 2009-10
  zero months among them                                                                                             2
  signal-off months (>10% zeros in trailing 60)                                                                      0
  months with a defined flag                                                                                       187
  extreme months                                                                                                    48
crossings affecting the window                                                                                      24
hold months (position months in window)                                                                            112
independent episodes                                                                                                12
pi                                                                                                            0.594465
mean m_t in hold months                                                                                       0.507513
min # Brown industries available (hedge history + window)                                                            5
cfg.test_start                                                                                                 1993-01
cfg.test_end                                                                                                   2009-12
cfg.brown                                                                            (Util, Ships, Aero, Steel, BldMt)
cfg.hedge_factors                                                                                   (Mkt-RF, SMB, HML)
cfg.hedge_window                                                                                                    60
cfg.vol_window                                                                                                      36
cfg.vol_target                                                                                                    0.05
cfg.cost_w                                                                                                       0.001
cfg.cost_mkt                                                                                                    0.0005
cfg.cost_smb                                                                                                    0.0025
cfg.cost_hml                                                                                                    0.0025
cfg.hold_months                                                                                                      6
cfg.pub_lag                                                                                                          1
cfg.z_window                                                                                                        60
cfg.z_min_nonzero                                                                                                   48
cfg.max_zero_share                                                                                                 0.1
cfg.pct                                                                                                             80
cfg.min_pct_history                                                                                                 60
cfg.attr_factors                                           (Mkt-RF, SMB, HML, RMW, CMA, UMD, BOND, WTI, dVIX, dlogEMV)
cfg.interact                                                                                 (Mkt-RF, HML, BOND, dVIX)
cfg.nw_lags                                                                                                          6
cfg.nw_lags_check                                                                                                   12
cfg.t_bar                                                                                                            2
cfg.p_bar                                                                                                         0.05
cfg.min_episodes                                                                                                     8
cfg.bridge_missing                                                                                                True
cfg.bridge_limit                                                                                                     6
cfg.end_policy                                                                                                truncate
cfg.shuffle_draws                                                                                                 5000
cfg.shuffle_min_gap                                                                                                  1
cfg.shuffle_recompute_pi_I                                                                                        True
cfg.seed                                                                                                           230

====================================================================================================
4b. CROSSINGS AFFECTING THE WINDOW
====================================================================================================
   signal_month        z  threshold position_from position_to
0    1994-02-28  1.63415   0.723462    1994-03-31  1994-08-31
1    1994-06-30  1.05967   0.726652    1994-07-31  1994-12-31
2    1994-08-31  1.38693    0.73622    1994-09-30  1995-02-28
3    1996-02-29  1.54871   0.679701    1996-03-31  1996-08-31
4    1996-04-30 0.931819   0.720273    1996-05-31  1996-10-31
5    1996-11-30 0.841422   0.811327    1996-12-31  1997-05-31
6    1997-11-30 0.894603    0.79035    1997-12-31  1998-05-31
7    1998-10-31 0.879269   0.821096    1998-11-30  1999-04-30
8    1999-07-31 0.815426   0.801263    1999-08-31  2000-01-31
9    1999-10-31 0.841981   0.818828    1999-11-30  2000-04-30
10   2001-12-31 0.893378   0.803953    2002-01-31  2002-06-30
11   2002-10-31 0.883558   0.791839    2002-11-30  2003-04-30
12   2003-02-28  1.35863   0.807778    2003-03-31  2003-08-31
13   2003-08-31  2.21737   0.803953    2003-09-30  2004-02-29
14   2005-01-31  1.35748   0.788861    2005-02-28  2005-07-31
15   2005-03-31  1.48635   0.793327    2005-04-30  2005-09-30
16   2005-12-31  1.02171   0.822466    2006-01-31  2006-06-30
17   2006-02-28  1.66874   0.825835    2006-03-31  2006-08-31
18   2007-05-31  1.09958   0.821293    2007-06-30  2007-11-30
19   2007-09-30  1.38748   0.821343    2007-10-31  2008-03-31
20   2008-03-31  1.36046   0.821293    2008-04-30  2008-09-30
21   2008-06-30  1.57668   0.822466    2008-07-31  2008-12-31
22   2008-09-30 0.975221   0.835637    2008-10-31  2009-03-31
23   2009-06-30  1.21105   0.841869    2009-07-31  2009-12-31

====================================================================================================
4c. EPISODES
====================================================================================================
   position_from position_to  months return_from  return_to  open_before_window  open_after_window
0     1994-03-31  1995-02-28      12  1994-04-30 1995-03-31               False              False
1     1996-03-31  1996-10-31       8  1996-04-30 1996-11-30               False              False
2     1996-12-31  1997-05-31       6  1997-01-31 1997-06-30               False              False
3     1997-12-31  1998-05-31       6  1998-01-31 1998-06-30               False              False
4     1998-11-30  1999-04-30       6  1998-12-31 1999-05-31               False              False
5     1999-08-31  2000-04-30       9  1999-09-30 2000-05-31               False              False
6     2002-01-31  2002-06-30       6  2002-02-28 2002-07-31               False              False
7     2002-11-30  2004-02-29      16  2002-12-31 2004-03-31               False              False
8     2005-02-28  2005-09-30       8  2005-03-31 2005-10-31               False              False
9     2006-01-31  2006-08-31       8  2006-02-28 2006-09-30               False              False
10    2007-06-30  2009-03-31      22  2007-07-31 2009-04-30               False              False
11    2009-07-31  2009-11-30       5  2009-08-31 2009-12-31               False               True

====================================================================================================
4d. LEAVE ONE INDUSTRY OUT
====================================================================================================
  dropped        alpha   t NW(6)        p       pi  same_sign
0    Util -0.000273845 -0.562059 0.574799 0.595718       True
1   Ships -0.000312702 -0.672085 0.502421 0.599521       True
2    Aero -0.000332723 -0.680537 0.497069 0.594034       True
3   Steel  9.58829e-05  0.192226 0.847789 0.587439      False
4   BldMt -0.000444145  -0.94208 0.347458 0.595541       True

====================================================================================================
5. CALENDAR SHUFFLE
====================================================================================================
                     value
actual alpha  -0.000272717
null mean      -0.00025621
null sd        0.000530195
null q01       -0.00148233
null q05       -0.00113741
null q10       -0.00093381
null q50      -0.000257885
null q90       0.000430002
null q95       0.000608019
null q99        0.00094484
p (one-sided)     0.512298
draws                 5000
episodes K              12
hold months            112
seed                   230

[r2_synthetic_nonzero: elapsed 169.3 s]
