
====================================================================================================
1. PASS / FAIL
====================================================================================================
                     component                              statistic                   bar                                            value  pass
0             (i) timing alpha    alpha/month, NW(6) t, p from t(n-k)  alpha > 0 and t >= 2  alpha=-0.000158, t=-0.252, p2=0.8015, p1=0.5992  FAIL
1        (ii) calendar shuffle                one-sided p, 5000 draws             p <= 0.05                                           0.5361  FAIL
2   (iii) independent episodes             merged hold runs in window                  >= 8                                               10  PASS
3  (iv) leave one industry out  LOO alphas with the full alpha's sign                   5/5                                              4/5  FAIL
4                      OVERALL                      all four required                   4/4                                              1/4  FAIL

====================================================================================================
2a. ATTRIBUTION (D_t on FF5+UMD, BOND, WTI, dVIX, dlogEMV, I_{t-1} x F)
====================================================================================================
                 coef   t NW(6)    p NW(6)  t NW(12)    p NW(12)
alpha    -0.000157842 -0.251772   0.801533 -0.277111    0.782044
Mkt-RF       0.104214   1.77877  0.0771297   1.97534   0.0499082
SMB         0.0280465   1.31478   0.190418   1.33977    0.182173
HML          0.166645   2.17492  0.0310686    2.0668   0.0403243
RMW        -0.0198366 -0.904599   0.367005  -1.01229     0.31289
CMA         0.0159606  0.513962    0.60797  0.511789    0.609487
UMD        -0.0055962 -0.522208    0.60223 -0.576591    0.565006
BOND       0.00266702 0.0247364   0.980295 0.0245505    0.980443
WTI         0.0026335  0.392126   0.695474  0.419519    0.675386
dVIX       0.00205104   3.23136 0.00148909   3.93582 0.000122267
dlogEMV    0.00408129     1.708  0.0895293   1.86549   0.0638986
I*Mkt-RF    -0.104729  -1.60659   0.110069  -1.76436   0.0795334
I*HML        -0.16623  -2.18716  0.0301463  -2.06392   0.0406008
I*BOND     0.00337612 0.0319267   0.974569  0.032045    0.974475
I*dVIX    -0.00196499  -2.88501 0.00444041   -3.4983 0.000602814

====================================================================================================
2b. REGRESSION FACTS
====================================================================================================
                                                                value
n                                                                 179
k                                                                  15
n - k                                                             164
R-squared                                                    0.237763
adj. R-squared                                               0.172694
pi                                                           0.808596
window start                                                  1995-02
window end                                                    2009-12
HAC             Bartlett, maxlags 6 (12 check), no small-sample corr.

====================================================================================================
3. DECOMPOSITION OF mean(D)
====================================================================================================
                            value
mean(D)               8.11951e-05
alpha                -0.000157842
beta*mean(Mkt-RF)     0.000493184
beta*mean(SMB)        6.89567e-05
beta*mean(HML)        0.000616399
beta*mean(RMW)       -9.10046e-05
beta*mean(CMA)        5.35705e-05
beta*mean(UMD)       -2.78653e-05
beta*mean(BOND)       8.39235e-06
beta*mean(WTI)        2.08592e-05
beta*mean(dVIX)       0.000102727
beta*mean(dlogEMV)   -9.52526e-06
gamma*mean(I*Mkt-RF) -0.000550852
gamma*mean(I*HML)    -0.000443436
gamma*mean(I*BOND)    8.75351e-06
gamma*mean(I*dVIX)   -1.11221e-05
sum of terms          8.11951e-05
identity gap          1.93801e-18

====================================================================================================
4a. DIAGNOSTICS
====================================================================================================
                                                                                                                 value
first signal month with a defined flag                                                                         1994-12
first month a position can be set (end of)                                                                     1995-01
first return month the rule can affect                                                                         1995-02
test window (return months)                                                                         1995-02 to 2009-12
n return months                                                                                                    179
EMVENRGYENVREG zero months, whole file                                                                              51
signal months feeding the window                                                                    1994-12 to 2009-10
  zero months among them                                                                                             6
  signal-off months (>10% zeros in trailing 60)                                                                      0
  months with a defined flag                                                                                       173
  extreme months                                                                                                    50
crossings affecting the window                                                                                      35
hold months (position months in window)                                                                            148
independent episodes                                                                                                10
pi                                                                                                            0.808596
mean m_t in hold months                                                                                       0.677675
min # Brown industries available (hedge history + window)                                                            5
cfg.test_start                                                                                                 1993-01
cfg.test_end                                                                                                   2009-12
cfg.brown                                                                            (Util, Ships, Aero, Steel, BldMt)
cfg.hedge_factors                                                                                   (Mkt-RF, SMB, HML)
cfg.hedge_window                                                                                                    60
cfg.vol_window                                                                                                      36
cfg.vol_target                                                                                                    0.05
cfg.cost_w                                                                                                       0.001
cfg.cost_mkt                                                                                                    0.0005
cfg.cost_smb                                                                                                    0.0025
cfg.cost_hml                                                                                                    0.0025
cfg.hold_months                                                                                                      6
cfg.pub_lag                                                                                                          1
cfg.z_window                                                                                                        60
cfg.z_min_nonzero                                                                                                   48
cfg.max_zero_share                                                                                                 0.1
cfg.pct                                                                                                             80
cfg.min_pct_history                                                                                                 60
cfg.attr_factors                                           (Mkt-RF, SMB, HML, RMW, CMA, UMD, BOND, WTI, dVIX, dlogEMV)
cfg.interact                                                                                 (Mkt-RF, HML, BOND, dVIX)
cfg.nw_lags                                                                                                          6
cfg.nw_lags_check                                                                                                   12
cfg.t_bar                                                                                                            2
cfg.p_bar                                                                                                         0.05
cfg.min_episodes                                                                                                     8
cfg.bridge_missing                                                                                                True
cfg.bridge_limit                                                                                                     6
cfg.end_policy                                                                                                truncate
cfg.shuffle_draws                                                                                                 5000
cfg.shuffle_min_gap                                                                                                  1
cfg.shuffle_recompute_pi_I                                                                                        True
cfg.seed                                                                                                           230

====================================================================================================
4b. CROSSINGS AFFECTING THE WINDOW
====================================================================================================
   signal_month        z  threshold position_from position_to
0    1995-08-31  1.22301   0.539539    1995-09-30  1996-02-29
1    1996-04-30 0.753322    0.53868    1996-05-31  1996-10-31
2    1996-11-30 0.634975   0.534438    1996-12-31  1997-05-31
3    1997-04-30 0.570534   0.539968    1997-05-31  1997-10-31
4    1997-09-30  1.18609   0.561449    1997-10-31  1998-03-31
5    1998-07-31  1.17218   0.539968    1998-08-31  1999-01-31
6    1999-03-31  1.29617    0.53868    1999-04-30  1999-09-30
7    1999-06-30 0.770227   0.539539    1999-07-31  1999-12-31
8    1999-08-31  1.09411   0.545661    1999-09-30  2000-02-29
9    2000-09-30  1.07923    0.53825    2000-10-31  2001-03-31
10   2000-12-31  1.74801   0.539109    2001-01-31  2001-06-30
11   2001-03-31 0.763796   0.561449    2001-04-30  2001-09-30
12   2001-06-30  1.18162   0.572291    2001-07-31  2001-12-31
13   2001-08-31 0.936678   0.577564    2001-09-30  2002-02-28
14   2001-12-31 0.772923   0.579322    2002-01-31  2002-06-30
15   2002-04-30  1.40892   0.595459    2002-05-31  2002-10-31
16   2002-12-31 0.602915   0.601115    2003-01-31  2003-06-30
17   2003-06-30  1.07419    0.60056    2003-07-31  2003-12-31
18   2003-08-31 0.778043   0.602225    2003-09-30  2004-02-29
19   2004-02-29  1.22122   0.602777    2004-03-31  2004-08-31
20   2004-10-31  1.20733   0.602501    2004-11-30  2005-04-30
21   2005-01-31 0.749676   0.602777    2005-02-28  2005-07-31
22   2005-05-31 0.761287   0.609327    2005-06-30  2005-11-30
23   2005-09-30  1.11707   0.615739    2005-10-31  2006-03-31
24   2005-12-31  1.19522   0.663872    2006-01-31  2006-06-30
25   2006-05-31  1.05116   0.663872    2006-06-30  2006-11-30
26   2007-01-31   1.4993   0.649423    2007-02-28  2007-07-31
27   2007-04-30   1.4049   0.698644    2007-05-31  2007-10-31
28   2007-07-31 0.724016    0.71436    2007-08-31  2008-01-31
29   2007-09-30  1.55186   0.720319    2007-10-31  2008-03-31
30   2007-12-31  1.46766   0.744033    2008-01-31  2008-06-30
31   2008-03-31 0.815786   0.746854    2008-04-30  2008-09-30
32   2008-06-30  1.27257   0.753322    2008-07-31  2008-12-31
33   2009-01-31 0.764806   0.751863    2009-02-28  2009-07-31
34   2009-05-31 0.894016   0.759694    2009-06-30  2009-11-30

====================================================================================================
4c. EPISODES
====================================================================================================
  position_from position_to  months return_from  return_to  open_before_window  open_after_window
0    1995-09-30  1996-02-29       6  1995-10-31 1996-03-31               False              False
1    1996-05-31  1996-10-31       6  1996-06-30 1996-11-30               False              False
2    1996-12-31  1998-03-31      16  1997-01-31 1998-04-30               False              False
3    1998-08-31  1999-01-31       6  1998-09-30 1999-02-28               False              False
4    1999-04-30  2000-02-29      11  1999-05-31 2000-03-31               False              False
5    2000-10-31  2002-10-31      25  2000-11-30 2002-11-30               False              False
6    2003-01-31  2004-08-31      20  2003-02-28 2004-09-30               False              False
7    2004-11-30  2006-11-30      25  2004-12-31 2006-12-31               False              False
8    2007-02-28  2008-12-31      23  2007-03-31 2009-01-31               False              False
9    2009-02-28  2009-11-30      10  2009-03-31 2009-12-31               False              False

====================================================================================================
4d. LEAVE ONE INDUSTRY OUT
====================================================================================================
  dropped        alpha   t NW(6)        p       pi  same_sign
0    Util -0.000448357 -0.719325 0.472964 0.815894       True
1   Ships  2.72337e-05 0.0385682 0.969282 0.806298      False
2    Aero -9.66513e-05  -0.15164 0.879657 0.809269       True
3   Steel -0.000209325 -0.414612 0.678968 0.813132       True
4   BldMt -7.50373e-05 -0.124318 0.901216 0.807386       True

====================================================================================================
5. CALENDAR SHUFFLE
====================================================================================================
                     value
actual alpha  -0.000157842
null mean     -0.000129513
null sd        0.000486877
null q01       -0.00132787
null q05      -0.000960339
null q10      -0.000766565
null q50      -0.000115149
null q90       0.000484271
null q95       0.000651098
null q99       0.000967565
p (one-sided)     0.536093
draws                 5000
episodes K              10
hold months            148
seed                   230

[elapsed 56.8 s]
