
====================================================================================================
1. PASS / FAIL
====================================================================================================
                     component                              statistic                   bar                                            value  pass
0             (i) timing alpha    alpha/month, NW(6) t, p from t(n-k)  alpha > 0 and t >= 2  alpha=-0.000101, t=-0.188, p2=0.8513, p1=0.5743  FAIL
1        (ii) calendar shuffle                one-sided p, 5000 draws             p <= 0.05                                           0.5101  FAIL
2   (iii) independent episodes             merged hold runs in window                  >= 8                                                6  FAIL
3  (iv) leave one industry out  LOO alphas with the full alpha's sign                   5/5                                              3/5  FAIL
4                      OVERALL                      all four required                   4/4                                              0/4  FAIL

====================================================================================================
2a. ATTRIBUTION (D_t on FF5+UMD, BOND, WTI, dVIX, dlogEMV, I_{t-1} x F)
====================================================================================================
                 coef   t NW(6)     p NW(6)  t NW(12)    p NW(12)
alpha    -0.000100579 -0.187759    0.851345 -0.207399    0.836008
Mkt-RF      0.0430247   1.47409    0.142769   1.52827    0.128767
SMB          0.035641  0.957852    0.339837  0.935107    0.351391
HML        -0.0342719 -0.525413    0.600152 -0.532227    0.595437
RMW         0.0509289   1.08889    0.278127    1.1415    0.255666
CMA        -0.0351256 -0.858924    0.391894 -0.963452    0.337031
UMD        -0.0158455 -0.731548    0.465703 -0.861706    0.390366
BOND        -0.223951  -1.57976    0.116485  -1.54223    0.125341
WTI        -0.0146484  -3.60144 0.000442531  -3.71251 0.000298398
dVIX      0.000532535   1.13284    0.259273   1.17593    0.241679
dlogEMV   -0.00055263 -0.286064    0.775264 -0.286153    0.775197
I*Mkt-RF    -0.032553 -0.887282    0.376494 -0.882594    0.379013
I*HML      0.00456762 0.0737837    0.941291 0.0734999    0.941516
I*BOND       0.131295  0.883652    0.378444  0.876541    0.382282
I*dVIX   -0.000430687 -0.870845    0.385374 -0.912322    0.363214

====================================================================================================
2b. REGRESSION FACTS
====================================================================================================
                                                                value
n                                                                 151
k                                                                  15
n - k                                                             136
R-squared                                                    0.115655
adj. R-squared                                               0.024619
pi                                                           0.762839
window start                                                  2010-01
window end                                                    2022-07
HAC             Bartlett, maxlags 6 (12 check), no small-sample corr.

====================================================================================================
3. DECOMPOSITION OF mean(D)
====================================================================================================
                            value
mean(D)               0.000149315
alpha                -0.000100579
beta*mean(Mkt-RF)       0.0004684
beta*mean(SMB)        3.65852e-06
beta*mean(HML)        4.19888e-05
beta*mean(RMW)        0.000131403
beta*mean(CMA)       -3.58001e-05
beta*mean(UMD)       -3.87427e-05
beta*mean(BOND)      -0.000433132
beta*mean(WTI)       -3.01547e-05
beta*mean(dVIX)       1.32453e-05
beta*mean(dlogEMV)   -1.82326e-06
gamma*mean(I*Mkt-RF) -0.000264305
gamma*mean(I*HML)    -2.08114e-05
gamma*mean(I*BOND)      0.0004351
gamma*mean(I*dVIX)   -1.91314e-05
sum of terms          0.000149315
identity gap         -1.35525e-19

====================================================================================================
4a. DIAGNOSTICS
====================================================================================================
                                                                                                                 value
first signal month with a defined flag                                                                         1994-01
first month a position can be set (end of)                                                                     1994-02
first return month the rule can affect                                                                         1994-03
test window (return months)                                                                         2010-01 to 2022-07
n return months                                                                                                    151
EMVENRGYENVREG zero months, whole file                                                                              51
signal months feeding the window                                                                    2009-11 to 2022-05
  zero months among them                                                                                            11
  signal-off months (>10% zeros in trailing 60)                                                                      0
  months with a defined flag                                                                                       140
  extreme months                                                                                                    29
crossings affecting the window                                                                                      25
hold months (position months in window)                                                                            112
independent episodes                                                                                                 6
pi                                                                                                            0.762839
mean m_t in hold months                                                                                       0.728578
min # Brown industries available (hedge history + window)                                                            5
cfg.test_start                                                                                                 2010-01
cfg.test_end                                                                                                   2022-07
cfg.brown                                                                            (Util, Ships, Aero, Steel, BldMt)
cfg.hedge_factors                                                                                   (Mkt-RF, SMB, HML)
cfg.hedge_window                                                                                                    60
cfg.vol_window                                                                                                      36
cfg.vol_target                                                                                                    0.05
cfg.cost_w                                                                                                       0.001
cfg.cost_mkt                                                                                                    0.0005
cfg.cost_smb                                                                                                    0.0025
cfg.cost_hml                                                                                                    0.0025
cfg.hold_months                                                                                                      6
cfg.pub_lag                                                                                                          1
cfg.z_window                                                                                                        60
cfg.z_min_nonzero                                                                                                   48
cfg.max_zero_share                                                                                                 0.1
cfg.pct                                                                                                             80
cfg.min_pct_history                                                                                                 60
cfg.attr_factors                                           (Mkt-RF, SMB, HML, RMW, CMA, UMD, BOND, WTI, dVIX, dlogEMV)
cfg.interact                                                                                 (Mkt-RF, HML, BOND, dVIX)
cfg.nw_lags                                                                                                          6
cfg.nw_lags_check                                                                                                   12
cfg.t_bar                                                                                                            2
cfg.p_bar                                                                                                         0.05
cfg.min_episodes                                                                                                     8
cfg.bridge_missing                                                                                                True
cfg.bridge_limit                                                                                                     6
cfg.end_policy                                                                                                truncate
cfg.shuffle_draws                                                                                                 5000
cfg.shuffle_min_gap                                                                                                  1
cfg.shuffle_recompute_pi_I                                                                                        True
cfg.seed                                                                                                           230

====================================================================================================
4b. CROSSINGS AFFECTING THE WINDOW
====================================================================================================
   signal_month        z  threshold position_from position_to
0    2010-04-30  1.08393   0.762291    2010-05-31  2010-10-31
1    2010-07-31  1.73539   0.763294    2010-08-31  2011-01-31
2    2011-01-31  1.25893   0.762793    2011-02-28  2011-07-31
3    2011-03-31  1.30342   0.763998    2011-04-30  2011-09-30
4    2011-09-30  1.19722   0.763796    2011-10-31  2012-03-31
5    2012-02-29  1.14974   0.763998    2012-03-31  2012-08-31
6    2012-07-31 0.942893   0.763998    2012-08-31  2013-01-31
7    2012-10-31   2.1266   0.764402    2012-11-30  2013-04-30
8    2013-03-31  3.58897   0.764402    2013-04-30  2013-09-30
9    2013-05-31   1.5973    0.76589    2013-06-30  2013-11-30
10   2013-10-31 0.865206   0.773947    2013-11-30  2014-04-30
11   2014-01-31  1.11407   0.775995    2014-02-28  2014-07-31
12   2014-05-31  1.29858   0.777019    2014-06-30  2014-11-30
13   2014-08-31   1.3113   0.784762    2014-09-30  2015-02-28
14   2015-01-31 0.889442   0.791482    2015-02-28  2015-07-31
15   2015-10-31 0.806544   0.775995    2015-11-30  2016-04-30
16   2016-01-31  0.92239   0.778043    2016-02-29  2016-07-31
17   2016-11-30 0.964407   0.773947    2016-12-31  2017-05-31
18   2017-10-31 0.926589   0.770766    2017-11-30  2018-04-30
19   2017-12-31 0.913095   0.772384    2018-01-31  2018-06-30
20   2018-05-31  1.81371   0.772384    2018-06-30  2018-11-30
21   2019-04-30  1.26163   0.771844    2019-05-31  2019-10-31
22   2019-09-30    1.481   0.771844    2019-10-31  2020-03-31
23   2020-01-31  2.06667   0.772384    2020-02-29  2020-07-31
24   2021-05-31  2.13843   0.769142    2021-06-30  2021-11-30

====================================================================================================
4c. EPISODES
====================================================================================================
  position_from position_to  months return_from  return_to  open_before_window  open_after_window
0    2010-05-31  2015-07-31      63  2010-06-30 2015-08-31               False              False
1    2015-11-30  2016-07-31       9  2015-12-31 2016-08-31               False              False
2    2016-12-31  2017-05-31       6  2017-01-31 2017-06-30               False              False
3    2017-11-30  2018-11-30      13  2017-12-31 2018-12-31               False              False
4    2019-05-31  2020-07-31      15  2019-06-30 2020-08-31               False              False
5    2021-06-30  2021-11-30       6  2021-07-31 2021-12-31               False              False

====================================================================================================
4d. LEAVE ONE INDUSTRY OUT
====================================================================================================
  dropped        alpha   t NW(6)        p       pi  same_sign
0    Util -0.000131033 -0.248158 0.804387 0.763786       True
1   Ships  0.000257796  0.515262 0.607206 0.778821      False
2    Aero -0.000374972 -0.721916 0.471585 0.750145       True
3   Steel  9.08297e-05  0.170759 0.864667 0.754093      False
4   BldMt -0.000123652 -0.231292 0.817436 0.766546       True

====================================================================================================
5. CALENDAR SHUFFLE
====================================================================================================
                     value
actual alpha  -0.000100579
null mean     -9.51576e-05
null sd        0.000492382
null q01       -0.00122979
null q05      -0.000915073
null q10      -0.000726709
null q50      -8.86182e-05
null q90       0.000529667
null q95       0.000705067
null q99        0.00107743
p (one-sided)     0.510098
draws                 5000
episodes K               6
hold months            112
seed                   230

[variant AB, draws 5000, elapsed 101.2 s]
