
====================================================================================================
1. PASS / FAIL
====================================================================================================
                     component                              statistic                   bar                                            value  pass
0             (i) timing alpha    alpha/month, NW(6) t, p from t(n-k)  alpha > 0 and t >= 2  alpha=-0.000130, t=-0.242, p2=0.8088, p1=0.5956  FAIL
1        (ii) calendar shuffle                one-sided p, 5000 draws             p <= 0.05                                           0.5255  FAIL
2   (iii) independent episodes             merged hold runs in window                  >= 8                                                6  FAIL
3  (iv) leave one industry out  LOO alphas with the full alpha's sign                   5/5                                              3/5  FAIL
4                      OVERALL                      all four required                   4/4                                              0/4  FAIL

====================================================================================================
2a. ATTRIBUTION (D_t on FF5+UMD, BOND, WTI, dVIX, dlogEMV, I_{t-1} x F)
====================================================================================================
                 coef   t NW(6)     p NW(6)  t NW(12)    p NW(12)
alpha    -0.000130493 -0.242471     0.80878 -0.268847    0.788455
Mkt-RF      0.0436864   1.47497    0.142532   1.50181    0.135466
SMB         0.0318041  0.843548    0.400403  0.826499    0.409969
HML        -0.0309399 -0.480014    0.631988 -0.485899     0.62782
RMW         0.0518061   1.06084    0.290641    1.1126    0.267843
CMA        -0.0338821 -0.839918    0.402428 -0.952227    0.342671
UMD        -0.0142717 -0.674098    0.501393 -0.794447    0.428319
BOND        -0.222269  -1.55361    0.122602   -1.5249    0.129606
WTI        -0.0147907   -3.5158 0.000596168  -3.64576 0.000378522
dVIX      0.000505203   1.06423     0.28911   1.10481    0.271191
dlogEMV  -0.000370835 -0.199155    0.842439 -0.202043    0.840185
I*Mkt-RF   -0.0337475 -0.899312    0.370076  -0.88009    0.380363
I*HML      0.00205255 0.0339363    0.972978 0.0337148    0.973154
I*BOND       0.127956  0.856598    0.393174  0.853107      0.3951
I*dVIX   -0.000427438 -0.850642    0.396463 -0.884641    0.377912

====================================================================================================
2b. REGRESSION FACTS
====================================================================================================
                                                                value
n                                                                 151
k                                                                  15
n - k                                                             136
R-squared                                                    0.112635
adj. R-squared                                              0.0212885
pi                                                            0.76167
window start                                                  2010-01
window end                                                    2022-07
HAC             Bartlett, maxlags 6 (12 check), no small-sample corr.

====================================================================================================
3. DECOMPOSITION OF mean(D)
====================================================================================================
                            value
mean(D)               0.000123227
alpha                -0.000130493
beta*mean(Mkt-RF)     0.000475603
beta*mean(SMB)        3.26465e-06
beta*mean(HML)        3.79065e-05
beta*mean(RMW)        0.000133667
beta*mean(CMA)       -3.45329e-05
beta*mean(UMD)       -3.48948e-05
beta*mean(BOND)       -0.00042988
beta*mean(WTI)       -3.04477e-05
beta*mean(dVIX)       1.25655e-05
beta*mean(dlogEMV)   -1.22347e-06
gamma*mean(I*Mkt-RF) -0.000274003
gamma*mean(I*HML)      -9.352e-06
gamma*mean(I*BOND)    0.000424035
gamma*mean(I*dVIX)   -1.89871e-05
sum of terms          0.000123227
identity gap         -3.52366e-19

====================================================================================================
4a. DIAGNOSTICS
====================================================================================================
                                                                                                                 value
first signal month with a defined flag                                                                         1994-12
first month a position can be set (end of)                                                                     1995-01
first return month the rule can affect                                                                         1995-02
test window (return months)                                                                         2010-01 to 2022-07
n return months                                                                                                    151
EMVENRGYENVREG zero months, whole file                                                                              51
signal months feeding the window                                                                    2009-11 to 2022-05
  zero months among them                                                                                            11
  signal-off months (>10% zeros in trailing 60)                                                                      0
  months with a defined flag                                                                                       140
  extreme months                                                                                                    29
crossings affecting the window                                                                                      25
hold months (position months in window)                                                                            112
independent episodes                                                                                                 6
pi                                                                                                             0.76167
mean m_t in hold months                                                                                       0.729866
min # Brown industries available (hedge history + window)                                                            5
cfg.test_start                                                                                                 2010-01
cfg.test_end                                                                                                   2022-07
cfg.brown                                                                            (Util, Ships, Aero, Steel, BldMt)
cfg.hedge_factors                                                                                   (Mkt-RF, SMB, HML)
cfg.hedge_window                                                                                                    60
cfg.vol_window                                                                                                      36
cfg.vol_target                                                                                                    0.05
cfg.cost_w                                                                                                       0.001
cfg.cost_mkt                                                                                                    0.0005
cfg.cost_smb                                                                                                    0.0025
cfg.cost_hml                                                                                                    0.0025
cfg.hold_months                                                                                                      6
cfg.pub_lag                                                                                                          1
cfg.z_window                                                                                                        60
cfg.z_min_nonzero                                                                                                   48
cfg.max_zero_share                                                                                                 0.1
cfg.pct                                                                                                             80
cfg.min_pct_history                                                                                                 60
cfg.attr_factors                                           (Mkt-RF, SMB, HML, RMW, CMA, UMD, BOND, WTI, dVIX, dlogEMV)
cfg.interact                                                                                 (Mkt-RF, HML, BOND, dVIX)
cfg.nw_lags                                                                                                          6
cfg.nw_lags_check                                                                                                   12
cfg.t_bar                                                                                                            2
cfg.p_bar                                                                                                         0.05
cfg.min_episodes                                                                                                     8
cfg.bridge_missing                                                                                                True
cfg.bridge_limit                                                                                                     6
cfg.end_policy                                                                                                truncate
cfg.shuffle_draws                                                                                                 5000
cfg.shuffle_min_gap                                                                                                  1
cfg.shuffle_recompute_pi_I                                                                                        True
cfg.seed                                                                                                           230

====================================================================================================
4b. CROSSINGS AFFECTING THE WINDOW
====================================================================================================
   signal_month        z  threshold position_from position_to
0    2010-04-30  1.08393   0.762793    2010-05-31  2010-10-31
1    2010-07-31  1.73539   0.763796    2010-08-31  2011-01-31
2    2011-01-31  1.25893   0.763294    2011-02-28  2011-07-31
3    2011-03-31  1.30342     0.7642    2011-04-30  2011-09-30
4    2011-09-30  1.19722   0.763998    2011-10-31  2012-03-31
5    2012-02-29  1.14974     0.7642    2012-03-31  2012-08-31
6    2012-07-31 0.942893     0.7642    2012-08-31  2013-01-31
7    2012-10-31   2.1266   0.764604    2012-11-30  2013-04-30
8    2013-03-31  3.58897   0.764604    2013-04-30  2013-09-30
9    2013-05-31   1.5973   0.766974    2013-06-30  2013-11-30
10   2013-10-31 0.865206   0.774971    2013-11-30  2014-04-30
11   2014-01-31  1.11407   0.777019    2014-02-28  2014-07-31
12   2014-05-31  1.29858   0.778043    2014-06-30  2014-11-30
13   2014-08-31   1.3113   0.791482    2014-09-30  2015-02-28
14   2015-01-31 0.889442   0.798201    2015-02-28  2015-07-31
15   2015-10-31 0.806544   0.777019    2015-11-30  2016-04-30
16   2016-01-31  0.92239   0.783743    2016-02-29  2016-07-31
17   2016-11-30 0.964407   0.774971    2016-12-31  2017-05-31
18   2017-10-31 0.926589   0.771305    2017-11-30  2018-04-30
19   2017-12-31 0.913095   0.772923    2018-01-31  2018-06-30
20   2018-05-31  1.81371   0.772923    2018-06-30  2018-11-30
21   2019-04-30  1.26163   0.772384    2019-05-31  2019-10-31
22   2019-09-30    1.481   0.772384    2019-10-31  2020-03-31
23   2020-01-31  2.06667   0.772923    2020-02-29  2020-07-31
24   2021-05-31  2.13843   0.770227    2021-06-30  2021-11-30

====================================================================================================
4c. EPISODES
====================================================================================================
  position_from position_to  months return_from  return_to  open_before_window  open_after_window
0    2010-05-31  2015-07-31      63  2010-06-30 2015-08-31               False              False
1    2015-11-30  2016-07-31       9  2015-12-31 2016-08-31               False              False
2    2016-12-31  2017-05-31       6  2017-01-31 2017-06-30               False              False
3    2017-11-30  2018-11-30      13  2017-12-31 2018-12-31               False              False
4    2019-05-31  2020-07-31      15  2019-06-30 2020-08-31               False              False
5    2021-06-30  2021-11-30       6  2021-07-31 2021-12-31               False              False

====================================================================================================
4d. LEAVE ONE INDUSTRY OUT
====================================================================================================
  dropped        alpha   t NW(6)        p       pi  same_sign
0    Util -0.000157568 -0.296037 0.767653 0.762196       True
1   Ships  0.000230433  0.461665 0.645059 0.777903      False
2    Aero -0.000403695 -0.777827 0.438022 0.749503       True
3   Steel   6.1281e-05  0.114523 0.908992 0.753351      False
4   BldMt -0.000152813 -0.283993 0.776847 0.765724       True

====================================================================================================
5. CALENDAR SHUFFLE
====================================================================================================
                     value
actual alpha  -0.000130493
null mean     -0.000102736
null sd        0.000492332
null q01       -0.00123208
null q05      -0.000919819
null q10      -0.000735141
null q50      -9.84326e-05
null q90       0.000526473
null q95       0.000697214
null q99        0.00108413
p (one-sided)     0.525495
draws                 5000
episodes K               6
hold months            112
seed                   230

[elapsed 57.3 s]
