
====================================================================================================
1. PASS / FAIL
====================================================================================================
                     component                              statistic                   bar                                          value  pass
0             (i) timing alpha    alpha/month, NW(6) t, p from t(n-k)  alpha > 0 and t >= 2  alpha=0.000216, t=0.374, p2=0.7089, p1=0.3545  FAIL
1        (ii) calendar shuffle                one-sided p, 5000 draws             p <= 0.05                                         0.2354  FAIL
2   (iii) independent episodes             merged hold runs in window                  >= 8                                              6  FAIL
3  (iv) leave one industry out  LOO alphas with the full alpha's sign                   5/5                                            4/5  FAIL
4                      OVERALL                      all four required                   4/4                                            0/4  FAIL

====================================================================================================
2a. ATTRIBUTION (D_t on FF5+UMD, BOND, WTI, dVIX, dlogEMV, I_{t-1} x F)
====================================================================================================
                 coef    t NW(6)    p NW(6)   t NW(12)    p NW(12)
alpha     0.000215673   0.374063    0.70892   0.404484     0.68647
Mkt-RF    -0.00144487 -0.0574457   0.954271 -0.0622468    0.950454
SMB         0.0434652    1.15107   0.251653    1.10843    0.269561
HML        0.00776965   0.121921   0.903135   0.133984    0.893606
RMW         0.0539259    1.25489   0.211594    1.34745    0.179996
CMA       -0.00908678   -0.21149   0.832811  -0.223311    0.823616
UMD       -0.00848244  -0.389062   0.697817  -0.453168    0.651124
BOND       -0.0258696  -0.250095   0.802878  -0.297362    0.766628
WTI        -0.0154732   -3.45177 0.00073532   -3.47603 0.000676723
dVIX      -0.00027516  -0.705087   0.481919  -0.751118    0.453834
dlogEMV  -0.000298993  -0.172933   0.862952  -0.175705    0.860777
I*Mkt-RF   0.00654225   0.198572   0.842884   0.202197    0.840054
I*HML      -0.0455709  -0.786271   0.433028  -0.873118    0.384083
I*BOND     -0.0788158  -0.700429   0.484814  -0.844143    0.400019
I*dVIX    0.000313259   0.756398   0.450673    0.82342     0.41166

====================================================================================================
2b. REGRESSION FACTS
====================================================================================================
                                                                value
n                                                                 156
k                                                                  15
n - k                                                             141
R-squared                                                   0.0940216
adj. R-squared                                             0.00406632
pi                                                           0.745154
window start                                                  2010-01
window end                                                    2022-12
HAC             Bartlett, maxlags 6 (12 check), no small-sample corr.

====================================================================================================
3. DECOMPOSITION OF mean(D)
====================================================================================================
                            value
mean(D)               0.000273393
alpha                 0.000215673
beta*mean(Mkt-RF)     -1.4583e-05
beta*mean(SMB)        2.59119e-06
beta*mean(HML)       -3.73541e-06
beta*mean(RMW)         0.00014795
beta*mean(CMA)       -1.73814e-05
beta*mean(UMD)       -2.70188e-05
beta*mean(BOND)      -3.88818e-05
beta*mean(WTI)       -2.58975e-06
beta*mean(dVIX)      -9.60838e-07
beta*mean(dlogEMV)   -7.17653e-07
gamma*mean(I*Mkt-RF)  5.14153e-05
gamma*mean(I*HML)     0.000200979
gamma*mean(I*BOND)   -0.000252817
gamma*mean(I*dVIX)    1.34692e-05
sum of terms          0.000273393
identity gap          2.71051e-19

====================================================================================================
4a. DIAGNOSTICS
====================================================================================================
                                                                                                                 value
first signal month with a defined flag                                                                         1994-12
first month a position can be set (end of)                                                                     1995-01
first return month the rule can affect                                                                         1995-02
test window (return months)                                                                         2010-01 to 2022-12
n return months                                                                                                    156
EMVENRGYENVREG zero months, whole file                                                                              51
signal months feeding the window                                                                    2009-11 to 2022-10
  zero months among them                                                                                            14
  signal-off months (>10% zeros in trailing 60)                                                                      2
  months with a defined flag                                                                                       140
  extreme months                                                                                                    29
crossings affecting the window                                                                                      25
hold months (position months in window)                                                                            112
independent episodes                                                                                                 6
pi                                                                                                            0.745154
mean m_t in hold months                                                                                       0.729866
min # Brown industries available (hedge history + window)                                                            5
cfg.test_start                                                                                                 2010-01
cfg.test_end                                                                                                   2022-12
cfg.brown                                                                            (Util, Ships, Aero, Steel, BldMt)
cfg.hedge_factors                                                                                   (Mkt-RF, SMB, HML)
cfg.hedge_window                                                                                                    60
cfg.vol_window                                                                                                      36
cfg.vol_target                                                                                                    0.05
cfg.cost_w                                                                                                       0.001
cfg.cost_mkt                                                                                                    0.0005
cfg.cost_smb                                                                                                    0.0025
cfg.cost_hml                                                                                                    0.0025
cfg.hold_months                                                                                                      6
cfg.pub_lag                                                                                                          1
cfg.z_window                                                                                                        60
cfg.z_min_nonzero                                                                                                   48
cfg.max_zero_share                                                                                                 0.1
cfg.pct                                                                                                             80
cfg.min_pct_history                                                                                                 60
cfg.attr_factors                                           (Mkt-RF, SMB, HML, RMW, CMA, UMD, BOND, WTI, dVIX, dlogEMV)
cfg.interact                                                                                 (Mkt-RF, HML, BOND, dVIX)
cfg.nw_lags                                                                                                          6
cfg.nw_lags_check                                                                                                   12
cfg.t_bar                                                                                                            2
cfg.p_bar                                                                                                         0.05
cfg.min_episodes                                                                                                     8
cfg.bridge_missing                                                                                                True
cfg.bridge_limit                                                                                                     6
cfg.end_policy                                                                                                truncate
cfg.shuffle_draws                                                                                                 5000
cfg.shuffle_min_gap                                                                                                  1
cfg.shuffle_recompute_pi_I                                                                                        True
cfg.seed                                                                                                           230

====================================================================================================
4b. CROSSINGS AFFECTING THE WINDOW
====================================================================================================
   signal_month        z  threshold position_from position_to
0    2010-04-30  1.08393   0.762793    2010-05-31  2010-10-31
1    2010-07-31  1.73539   0.763796    2010-08-31  2011-01-31
2    2011-01-31  1.25893   0.763294    2011-02-28  2011-07-31
3    2011-03-31  1.30342     0.7642    2011-04-30  2011-09-30
4    2011-09-30  1.19722   0.763998    2011-10-31  2012-03-31
5    2012-02-29  1.14974     0.7642    2012-03-31  2012-08-31
6    2012-07-31 0.942893     0.7642    2012-08-31  2013-01-31
7    2012-10-31   2.1266   0.764604    2012-11-30  2013-04-30
8    2013-03-31  3.58897   0.764604    2013-04-30  2013-09-30
9    2013-05-31   1.5973   0.766974    2013-06-30  2013-11-30
10   2013-10-31 0.865206   0.774971    2013-11-30  2014-04-30
11   2014-01-31  1.11407   0.777019    2014-02-28  2014-07-31
12   2014-05-31  1.29858   0.778043    2014-06-30  2014-11-30
13   2014-08-31   1.3113   0.791482    2014-09-30  2015-02-28
14   2015-01-31 0.889442   0.798201    2015-02-28  2015-07-31
15   2015-10-31 0.806544   0.777019    2015-11-30  2016-04-30
16   2016-01-31  0.92239   0.783743    2016-02-29  2016-07-31
17   2016-11-30 0.964407   0.774971    2016-12-31  2017-05-31
18   2017-10-31 0.926589   0.771305    2017-11-30  2018-04-30
19   2017-12-31 0.913095   0.772923    2018-01-31  2018-06-30
20   2018-05-31  1.81371   0.772923    2018-06-30  2018-11-30
21   2019-04-30  1.26163   0.772384    2019-05-31  2019-10-31
22   2019-09-30    1.481   0.772384    2019-10-31  2020-03-31
23   2020-01-31  2.06667   0.772923    2020-02-29  2020-07-31
24   2021-05-31  2.13843   0.770227    2021-06-30  2021-11-30

====================================================================================================
4c. EPISODES
====================================================================================================
  position_from position_to  months return_from  return_to  open_before_window  open_after_window
0    2010-05-31  2015-07-31      63  2010-06-30 2015-08-31               False              False
1    2015-11-30  2016-07-31       9  2015-12-31 2016-08-31               False              False
2    2016-12-31  2017-05-31       6  2017-01-31 2017-06-30               False              False
3    2017-11-30  2018-11-30      13  2017-12-31 2018-12-31               False              False
4    2019-05-31  2020-07-31      15  2019-06-30 2020-08-31               False              False
5    2021-06-30  2021-11-30       6  2021-07-31 2021-12-31               False              False

====================================================================================================
4d. LEAVE ONE INDUSTRY OUT
====================================================================================================
  dropped        alpha   t NW(6)        p       pi  same_sign
0    Util  0.000106085  0.191005 0.848796 0.745043       True
1   Ships  0.000572263   1.05674 0.292437 0.763346       True
2    Aero -5.73023e-05 -0.102113 0.918812 0.732064      False
3   Steel  0.000287417  0.550418 0.582904 0.735525       True
4   BldMt  0.000264273   0.43601 0.663496 0.749701       True

====================================================================================================
5. CALENDAR SHUFFLE
====================================================================================================
                     value
actual alpha   0.000215673
null mean     -0.000117339
null sd        0.000457492
null q01       -0.00115439
null q05      -0.000847373
null q10      -0.000684764
null q50      -0.000129427
null q90        0.00046886
null q95        0.00065115
null q99       0.000943988
p (one-sided)     0.235353
draws                 5000
episodes K               6
hold months            112
seed                   230

[elapsed 43.4 s]
