
====================================================================================================
1. PASS / FAIL
====================================================================================================
                     component                              statistic                   bar                                            value  pass
0             (i) timing alpha    alpha/month, NW(6) t, p from t(n-k)  alpha > 0 and t >= 2  alpha=-0.000151, t=-0.263, p2=0.7926, p1=0.6037  FAIL
1        (ii) calendar shuffle                one-sided p, 5000 draws             p <= 0.05                                           0.4845  FAIL
2   (iii) independent episodes             merged hold runs in window                  >= 8                                               10  PASS
3  (iv) leave one industry out  LOO alphas with the full alpha's sign                   5/5                                              3/5  FAIL
4                      OVERALL                      all four required                   4/4                                              1/4  FAIL

====================================================================================================
2a. ATTRIBUTION (D_t on FF5+UMD, BOND, WTI, dVIX, dlogEMV, I_{t-1} x F)
====================================================================================================
                 coef   t NW(6)   p NW(6)  t NW(12)  p NW(12)
alpha    -0.000150646 -0.263375  0.792572  -0.28525   0.77579
Mkt-RF      0.0543195   1.02426  0.307125   1.02755  0.305582
SMB         0.0356842   1.54893  0.123205   1.49713   0.13616
HML           0.14107   2.19473 0.0294994   2.01959 0.0449515
RMW        -0.0267449  -1.19159  0.235034  -1.20588  0.229491
CMA         0.0259523  0.842909   0.40043   0.87678  0.381808
UMD       -0.00454678 -0.399832  0.689768 -0.449233  0.653819
BOND        0.0923322    1.3027  0.194388   1.28107  0.201864
WTI       -0.00118824 -0.171959  0.863668 -0.185899  0.852739
dVIX      0.000985903   1.52722  0.128511   1.46804  0.143887
dlogEMV    0.00436342   1.72718    0.0859   1.82042 0.0704027
I*Mkt-RF   -0.0510259 -0.871965  0.384422 -0.856177  0.393071
I*HML        -0.13922  -2.28851 0.0233032  -2.10605 0.0366266
I*BOND     -0.0874907  -1.17663  0.240942  -1.15587  0.249311
I*dVIX   -0.000837806  -1.21399  0.226388  -1.16763  0.244543

====================================================================================================
2b. REGRESSION FACTS
====================================================================================================
                                                                value
n                                                                 190
k                                                                  15
n - k                                                             175
R-squared                                                    0.183955
adj. R-squared                                               0.118672
pi                                                           0.729605
window start                                                  1994-03
window end                                                    2009-12
HAC             Bartlett, maxlags 6 (12 check), no small-sample corr.

====================================================================================================
3. DECOMPOSITION OF mean(D)
====================================================================================================
                            value
mean(D)               3.32854e-05
alpha                -0.000150646
beta*mean(Mkt-RF)     0.000236376
beta*mean(SMB)         6.7875e-05
beta*mean(HML)        0.000506218
beta*mean(RMW)       -0.000123547
beta*mean(CMA)        8.57108e-05
beta*mean(UMD)        -2.1803e-05
beta*mean(BOND)       0.000225088
beta*mean(WTI)       -1.01133e-05
beta*mean(dVIX)       3.94119e-05
beta*mean(dlogEMV)    2.37361e-06
gamma*mean(I*Mkt-RF) -0.000206682
gamma*mean(I*HML)    -0.000371791
gamma*mean(I*BOND)   -0.000204282
gamma*mean(I*dVIX)    -4.0903e-05
sum of terms          3.32854e-05
identity gap           1.3417e-18

====================================================================================================
4a. DIAGNOSTICS
====================================================================================================
                                                                                                                 value
first signal month with a defined flag                                                                         1994-01
first month a position can be set (end of)                                                                     1994-02
first return month the rule can affect                                                                         1994-03
test window (return months)                                                                         1994-03 to 2009-12
n return months                                                                                                    190
EMVENRGYENVREG zero months, whole file                                                                              51
signal months feeding the window                                                                    1994-01 to 2009-10
  zero months among them                                                                                             6
  signal-off months (>10% zeros in trailing 60)                                                                      0
  months with a defined flag                                                                                       184
  extreme months                                                                                                    45
crossings affecting the window                                                                                      33
hold months (position months in window)                                                                            142
independent episodes                                                                                                10
pi                                                                                                            0.729605
mean m_t in hold months                                                                                       0.687014
min # Brown industries available (hedge history + window)                                                            5
cfg.test_start                                                                                                 1993-01
cfg.test_end                                                                                                   2009-12
cfg.brown                                                                            (Util, Ships, Aero, Steel, BldMt)
cfg.hedge_factors                                                                                   (Mkt-RF, SMB, HML)
cfg.hedge_window                                                                                                    60
cfg.vol_window                                                                                                      36
cfg.vol_target                                                                                                    0.05
cfg.cost_w                                                                                                       0.001
cfg.cost_mkt                                                                                                    0.0005
cfg.cost_smb                                                                                                    0.0025
cfg.cost_hml                                                                                                    0.0025
cfg.hold_months                                                                                                      6
cfg.pub_lag                                                                                                          1
cfg.z_window                                                                                                        60
cfg.z_min_nonzero                                                                                                   48
cfg.max_zero_share                                                                                                 0.1
cfg.pct                                                                                                             80
cfg.min_pct_history                                                                                                 60
cfg.attr_factors                                           (Mkt-RF, SMB, HML, RMW, CMA, UMD, BOND, WTI, dVIX, dlogEMV)
cfg.interact                                                                                 (Mkt-RF, HML, BOND, dVIX)
cfg.nw_lags                                                                                                          6
cfg.nw_lags_check                                                                                                   12
cfg.t_bar                                                                                                            2
cfg.p_bar                                                                                                         0.05
cfg.min_episodes                                                                                                     8
cfg.bridge_missing                                                                                                True
cfg.bridge_limit                                                                                                     6
cfg.end_policy                                                                                                truncate
cfg.shuffle_draws                                                                                                 5000
cfg.shuffle_min_gap                                                                                                  1
cfg.shuffle_recompute_pi_I                                                                                        True
cfg.seed                                                                                                           230

====================================================================================================
4b. CROSSINGS AFFECTING THE WINDOW
====================================================================================================
   signal_month        z  threshold position_from position_to
0    1995-08-31  1.22301   0.571756    1995-09-30  1996-02-29
1    1996-04-30 0.753322   0.566712    1996-05-31  1996-10-31
2    1996-11-30 0.634975   0.556186    1996-12-31  1997-05-31
3    1997-05-31 0.705531   0.574049    1997-06-30  1997-11-30
4    1997-09-30  1.18609   0.575807    1997-10-31  1998-03-31
5    1998-07-31  1.17218   0.569005    1998-08-31  1999-01-31
6    1999-03-31  1.29617   0.566712    1999-04-30  1999-09-30
7    1999-06-30 0.770227   0.568241    1999-07-31  1999-12-31
8    1999-08-31  1.09411   0.570534    1999-09-30  2000-02-29
9    2000-09-30  1.07923   0.561449    2000-10-31  2001-03-31
10   2000-12-31  1.74801   0.567476    2001-01-31  2001-06-30
11   2001-03-31 0.763796   0.575807    2001-04-30  2001-09-30
12   2001-06-30  1.18162   0.594462    2001-07-31  2001-12-31
13   2001-08-31 0.936678   0.597455    2001-09-30  2002-02-28
14   2001-12-31 0.772923   0.598452    2002-01-31  2002-06-30
15   2002-04-30  1.40892   0.602225    2002-05-31  2002-10-31
16   2003-06-30  1.07419   0.609327    2003-07-31  2003-12-31
17   2003-08-31 0.778043   0.628563    2003-09-30  2004-02-29
18   2004-02-29  1.22122   0.664644    2004-03-31  2004-08-31
19   2004-10-31  1.20733   0.644864    2004-11-30  2005-04-30
20   2005-01-31 0.749676   0.664644    2005-02-28  2005-07-31
21   2005-05-31 0.761287   0.684424    2005-06-30  2005-11-30
22   2005-09-30  1.11707   0.688645    2005-10-31  2006-03-31
23   2005-12-31  1.19522   0.697088    2006-01-31  2006-06-30
24   2006-05-31  1.05116   0.697088    2006-06-30  2006-11-30
25   2007-01-31   1.4993   0.688645    2007-02-28  2007-07-31
26   2007-04-30   1.4049   0.727365    2007-05-31  2007-10-31
27   2007-09-30  1.55186   0.734758    2007-10-31  2008-03-31
28   2007-12-31  1.46766   0.742622    2008-01-31  2008-06-30
29   2008-03-31 0.815786   0.745444    2008-04-30  2008-09-30
30   2008-06-30  1.27257   0.752592    2008-07-31  2008-12-31
31   2009-01-31 0.764806   0.751134    2009-02-28  2009-07-31
32   2009-05-31 0.894016   0.758101    2009-06-30  2009-11-30

====================================================================================================
4c. EPISODES
====================================================================================================
  position_from position_to  months return_from  return_to  open_before_window  open_after_window
0    1995-09-30  1996-02-29       6  1995-10-31 1996-03-31               False              False
1    1996-05-31  1996-10-31       6  1996-06-30 1996-11-30               False              False
2    1996-12-31  1998-03-31      16  1997-01-31 1998-04-30               False              False
3    1998-08-31  1999-01-31       6  1998-09-30 1999-02-28               False              False
4    1999-04-30  2000-02-29      11  1999-05-31 2000-03-31               False              False
5    2000-10-31  2002-10-31      25  2000-11-30 2002-11-30               False              False
6    2003-07-31  2004-08-31      14  2003-08-31 2004-09-30               False              False
7    2004-11-30  2006-11-30      25  2004-12-31 2006-12-31               False              False
8    2007-02-28  2008-12-31      23  2007-03-31 2009-01-31               False              False
9    2009-02-28  2009-11-30      10  2009-03-31 2009-12-31               False              False

====================================================================================================
4d. LEAVE ONE INDUSTRY OUT
====================================================================================================
  dropped        alpha   t NW(6)        p       pi  same_sign
0    Util -0.000502343 -0.858935 0.391552 0.739972       True
1   Ships  2.73763e-05 0.0426417 0.966036 0.721909      False
2    Aero  6.78696e-06 0.0110019 0.991234 0.732436      False
3   Steel  -0.00016348 -0.342091 0.732693 0.744667       True
4   BldMt -9.19673e-05 -0.168775 0.866168 0.731972       True

====================================================================================================
5. CALENDAR SHUFFLE
====================================================================================================
                     value
actual alpha  -0.000150646
null mean     -0.000170327
null sd        0.000560369
null q01       -0.00143477
null q05       -0.00107542
null q10       -0.00088735
null q50      -0.000172993
null q90       0.000541403
null q95       0.000757315
null q99        0.00118302
p (one-sided)     0.484503
draws                 5000
episodes K              10
hold months            142
seed                   230

[variant A, draws 5000, elapsed 101.7 s]
